// Jest Snapshot v1, https://goo.gl/fbAQLP

exports[`AddNewDestinationRow should render row 1`] = `<AddNewDestinationModal />`;
