// Jest Snapshot v1, https://goo.gl/fbAQLP

exports[`DestinationTable should render an empty table 1`] = `
<div>
  <Component
    className="destination-row"
    id={1}
    name=""
    style={
      Object {
        "margin": "1rem 0rem",
      }
    }
  />
</div>
`;
