// Jest Snapshot v1, https://goo.gl/fbAQLP

exports[`DestinationRow should render an empty form 1`] = `
<Container>
  <Segment
    class="destination-row"
    compact={true}
  >
    <DestinationHeader
      name=""
    />
  </Segment>
  <Segment
    class="destination-row"
    compact={true}
    textAlign="center"
  >
    <Wrapper
      id={1}
    />
  </Segment>
</Container>
`;
