// Jest Snapshot v1, https://goo.gl/fbAQLP

exports[`Timer renders double-digit minutes and seconds when passed seconds as props 1`] = `
<div>
  <div>
    10
    :
    00
  </div>
</div>
`;

exports[`Timer renders minutes and seconds when passed seconds as props 1`] = `
<div>
  <div>
    02
    :
    00
  </div>
</div>
`;
