// Jest Snapshot v1, https://goo.gl/fbAQLP

exports[`JourneyTable should render Loading... 1`] = `
<div>
  Loading...
</div>
`;
